\BOOKMARK [1][-]{section.1}{\376\377\000L\000a\000p\000l\000a\000c\000e\000\040\000T\000r\000a\000n\000s\000f\000o\000r\000m\000a\000t\000i\000o\000n}{}% 1
\BOOKMARK [2][-]{subsection.1.1}{\376\377\000P\000r\000o\000b\000l\000e\000m\000\040\000d\000e\000r\000\040\000F\000o\000u\000r\000i\000e\000r\000\040\000T\000r\000a\000n\000s\000f\000o\000r\000m\000a\000t\000i\000o\000n}{section.1}% 2
\BOOKMARK [3][-]{subsubsection.1.1.1}{\376\377\000L\000\366\000s\000u\000n\000g\000s\000a\000n\000s\000a\000t\000z\000\040\000d\000u\000r\000c\000h\000\040\000L\000a\000p\000l\000a\000c\000e\000\040\000T\000r\000a\000n\000s\000f\000o\000r\000m\000a\000t\000i\000o\000n}{subsection.1.1}% 3
\BOOKMARK [2][-]{subsection.1.2}{\376\377\000D\000e\000f\000i\000n\000i\000t\000i\000o\000n\000\040\000d\000e\000r\000\040\000L\000a\000p\000l\000a\000c\000e\000\040\000T\000r\000a\000n\000s\000f\000o\000r\000m\000a\000t\000i\000o\000n}{section.1}% 4
\BOOKMARK [2][-]{subsection.1.3}{\376\377\000A\000l\000l\000g\000e\000m\000e\000i\000n\000e\000\040\000K\000o\000r\000r\000e\000s\000p\000o\000n\000d\000e\000n\000z\000e\000n}{section.1}% 5
\BOOKMARK [2][-]{subsection.1.4}{\376\377\000R\000e\000c\000h\000e\000n\000r\000e\000g\000e\000l\000n\000\040\000d\000e\000r\000\040\000L\000a\000p\000l\000a\000c\000e\000\040\000T\000r\000a\000n\000s\000f\000o\000r\000m\000a\000t\000i\000o\000n}{section.1}% 6
\BOOKMARK [3][-]{subsubsection.1.4.1}{\376\377\000L\000i\000n\000e\000a\000r\000i\000t\000\344\000t}{subsection.1.4}% 7
\BOOKMARK [3][-]{subsubsection.1.4.2}{\376\377\000S\000t\000r\000e\000c\000k\000u\000n\000g}{subsection.1.4}% 8
\BOOKMARK [3][-]{subsubsection.1.4.3}{\376\377\000D\000\344\000m\000p\000f\000u\000n\000g}{subsection.1.4}% 9
\BOOKMARK [3][-]{subsubsection.1.4.4}{\376\377\000A\000b\000l\000e\000i\000t\000u\000n\000g}{subsection.1.4}% 10
\BOOKMARK [3][-]{subsubsection.1.4.5}{\376\377\000S\000t\000a\000m\000m\000f\000u\000n\000k\000t\000i\000o\000n}{subsection.1.4}% 11
\BOOKMARK [3][-]{subsubsection.1.4.6}{\376\377\000F\000a\000l\000t\000u\000n\000g}{subsection.1.4}% 12
\BOOKMARK [2][-]{subsection.1.5}{\376\377\000A\000n\000w\000e\000d\000u\000n\000g\000:\000\040\000L\000\366\000s\000e\000n\000\040\000v\000o\000n\000\040\000D\000i\000f\000f\000e\000r\000e\000n\000t\000i\000a\000l\000g\000l\000e\000i\000c\000h\000u\000n\000g\000e\000n}{section.1}% 13
\BOOKMARK [3][-]{subsubsection.1.5.1}{\376\377\000R\000\374\000c\000k\000t\000r\000a\000n\000s\000f\000o\000r\000m\000a\000t\000i\000o\000n\000\040\000m\000i\000t\000\040\000d\000e\000r\000\040\000F\000a\000l\000t\000u\000n\000g\000s\000r\000e\000g\000e\000l}{subsection.1.5}% 14
\BOOKMARK [3][-]{subsubsection.1.5.2}{\376\377\000U\000n\000t\000e\000r\000s\000c\000h\000i\000e\000d\000\040\000i\000n\000\040\000d\000e\000r\000\040\000A\000n\000w\000e\000n\000d\000u\000n\000g\000\040\000d\000e\000r\000\040\000A\000b\000l\000e\000i\000t\000u\000n\000g\000s\000r\000e\000g\000e\000l\000\040\000a\000u\000f\000\040\000d\000i\000e\000\040\000F\000o\000u\000r\000i\000e\000r\000t\000r\000a\000n\000s\000f\000o\000r\000m\000a\000t\000i\000o\000n\000\040\000v\000s\000\040\000d\000i\000e\000\040\000L\000a\000p\000l\000a\000c\000e\000\040\000T\000r\000a\000n\000s\000f\000o\000r\000m\000a\000t\000i\000o\000n}{subsection.1.5}% 15
\BOOKMARK [2][-]{subsection.1.6}{\376\377\000G\000r\000e\000n\000z\000w\000e\000r\000t\000s\000\344\000t\000z\000e\000\040\000a\000l\000s\000\040\000A\000l\000t\000e\000r\000n\000a\000t\000i\000v\000e\000\040\000z\000u\000r\000\040\000R\000\374\000c\000k\000t\000r\000a\000n\000s\000f\000o\000r\000m\000a\000t\000i\000o\000n}{section.1}% 16
\BOOKMARK [2][-]{subsection.1.7}{\376\377\000A\000n\000w\000e\000d\000u\000n\000g\000\040\000d\000e\000r\000\040\000L\000a\000p\000l\000a\000c\000e\000\040\000T\000r\000a\000n\000s\000f\000o\000r\000m\000a\000t\000i\000o\000n\000\040\000i\000n\000\040\000d\000e\000r\000\040\000S\000y\000s\000t\000e\000m\000t\000h\000e\000o\000r\000i\000e\000\040\000u\000n\000d\000\040\000R\000e\000g\000e\000l\000u\000n\000g\000s\000t\000e\000c\000h\000n\000i\000k}{section.1}% 17
\BOOKMARK [3][-]{subsubsection.1.7.1}{\376\377\000V\000e\000r\000k\000n\000\374\000p\000f\000u\000n\000g\000\040\000v\000o\000n\000\040\000\334\000b\000e\000r\000t\000r\000a\000g\000u\000n\000g\000s\000s\000y\000s\000t\000e\000m\000e\000n}{subsection.1.7}% 18
\BOOKMARK [1][-]{section.2}{\376\377\000z\000-\000T\000r\000a\000n\000s\000f\000o\000r\000m\000a\000t\000i\000o\000n}{}% 19
\BOOKMARK [2][-]{subsection.2.1}{\376\377\000E\000i\000n\000f\000\374\000h\000r\000u\000n\000g\000\040\000i\000n\000\040\000d\000i\000e\000\040\000z\000-\000T\000r\000a\000n\000s\000f\000o\000r\000m\000a\000t\000i\000o\000n}{section.2}% 20
\BOOKMARK [2][-]{subsection.2.2}{\376\377\000E\000i\000g\000e\000n\000s\000c\000h\000a\000f\000t\000e\000n\000\040\000d\000e\000r\000\040\000e\000i\000n\000s\000e\000i\000t\000i\000g\000e\000n\000\040\000z\000-\000T\000r\000a\000n\000s\000f\000o\000r\000m\000a\000t\000i\000o\000n}{section.2}% 21
\BOOKMARK [2][-]{subsection.2.3}{\376\377\000K\000o\000r\000r\000e\000s\000p\000o\000n\000d\000e\000n\000z\000e\000n\000\040\000e\000l\000e\000m\000e\000n\000t\000a\000r\000e\000r\000\040\000S\000i\000g\000n\000a\000l\000f\000o\000r\000m\000e\000n}{section.2}% 22
\BOOKMARK [2][-]{subsection.2.4}{\376\377\000R\000e\000c\000h\000e\000n\000r\000e\000g\000e\000l\000n\000\040\000d\000e\000r\000\040\000z\000-\000T\000r\000a\000n\000s\000f\000o\000r\000m\000a\000t\000i\000o\000n}{section.2}% 23
\BOOKMARK [2][-]{subsection.2.5}{\376\377\000R\000\374\000c\000k\000t\000r\000a\000n\000s\000f\000o\000r\000m\000a\000t\000i\000o\000n\000,\000\040\000I\000n\000v\000e\000r\000s\000e\000\040\000z\000-\000t\000r\000a\000n\000s\000f\000o\000r\000m\000a\000t\000i\000o\000n}{section.2}% 24
